[INFO] Scanning for projects...
[WARNING] 
[WARNING] Some problems were encountered while building the effective model for com.whylock:whylock:jar:0.0.1-SNAPSHOT
[WARNING] 'dependencies.dependency.version' for org.testng:testng:jar is either LATEST or RELEASE (both of them are being deprecated) @ line 101, column 22
[WARNING] 
[WARNING] It is highly recommended to fix these problems because they threaten the stability of your build.
[WARNING] 
[WARNING] For this reason, future Maven versions might no longer support building such malformed projects.
[WARNING] 
[INFO] 
[INFO] ------------------------< com.whylock:whylock >-------------------------
[INFO] Building whylock 0.0.1-SNAPSHOT
[INFO]   from pom.xml
[INFO] --------------------------------[ jar ]---------------------------------
Downloading from central: https://repo.maven.apache.org/maven2/org/testng/testng/maven-metadata.xml
Progress (1): 3.1 kB
                    
Downloaded from central: https://repo.maven.apache.org/maven2/org/testng/testng/maven-metadata.xml (3.1 kB at 3.7 kB/s)
[INFO] 
[INFO] --- clean:3.4.1:clean (default-clean) @ whylock ---
[INFO] Deleting C:\Users\shash\OneDrive\Desktop\whylock\target
[INFO] 
[INFO] --- resources:3.3.1:resources (default-resources) @ whylock ---
[INFO] Copying 1 resource from src\main\resources to target\classes
[INFO] Copying 1 resource from src\main\resources to target\classes
[INFO] 
[INFO] --- compiler:3.14.1:compile (default-compile) @ whylock ---
[INFO] Recompiling the module because of changed source code.
[INFO] Compiling 53 source files with javac [debug parameters release 21] to target\classes
[INFO] /C:/Users/shash/OneDrive/Desktop/whylock/src/main/java/com/whylock/whylock/service/Sslanalysisservice.java: Some input files use or override a deprecated API.
[INFO] /C:/Users/shash/OneDrive/Desktop/whylock/src/main/java/com/whylock/whylock/service/Sslanalysisservice.java: Recompile with -Xlint:deprecation for details.
[INFO] /C:/Users/shash/OneDrive/Desktop/whylock/src/main/java/com/whylock/whylock/threat/CveFeedService.java: C:\Users\shash\OneDrive\Desktop\whylock\src\main\java\com\whylock\whylock\threat\CveFeedService.java uses unchecked or unsafe operations.
[INFO] /C:/Users/shash/OneDrive/Desktop/whylock/src/main/java/com/whylock/whylock/threat/CveFeedService.java: Recompile with -Xlint:unchecked for details.
[INFO] -------------------------------------------------------------
[ERROR] COMPILATION ERROR : 
[INFO] -------------------------------------------------------------
[ERROR] /C:/Users/shash/OneDrive/Desktop/whylock/src/main/java/com/whylock/whylock/service/Aifixassistantservice.java:[36,8] class AiFixAssistantService is public, should be declared in a file named AiFixAssistantService.java
[ERROR] /C:/Users/shash/OneDrive/Desktop/whylock/src/main/java/com/whylock/whylock/service/Monitoringservice.java:[45,8] class MonitoringService is public, should be declared in a file named MonitoringService.java
[ERROR] /C:/Users/shash/OneDrive/Desktop/whylock/src/main/java/com/whylock/whylock/service/Sslanalysisservice.java:[26,8] class SslAnalysisService is public, should be declared in a file named SslAnalysisService.java
[ERROR] /C:/Users/shash/OneDrive/Desktop/whylock/src/main/java/com/whylock/whylock/service/Technologydetectionservice.java:[33,8] class TechnologyDetectionService is public, should be declared in a file named TechnologyDetectionService.java
[ERROR] /C:/Users/shash/OneDrive/Desktop/whylock/src/main/java/com/whylock/whylock/service/PdfReportService.java:[7,33] cannot find symbol
  symbol:   class VulnerabilityDetail
  location: package com.whylock.whylock.model
[ERROR] /C:/Users/shash/OneDrive/Desktop/whylock/src/main/java/com/whylock/whylock/service/PdfReportService.java:[8,33] cannot find symbol
  symbol:   class SslReport
  location: package com.whylock.whylock.model
[ERROR] /C:/Users/shash/OneDrive/Desktop/whylock/src/main/java/com/whylock/whylock/service/PdfReportService.java:[9,33] cannot find symbol
  symbol:   class TechStackItem
  location: package com.whylock.whylock.model
[ERROR] /C:/Users/shash/OneDrive/Desktop/whylock/src/main/java/com/whylock/whylock/service/PdfReportService.java:[371,61] cannot find symbol
  symbol:   class VulnerabilityDetail
  location: class com.whylock.whylock.service.PdfReportService
[ERROR] /C:/Users/shash/OneDrive/Desktop/whylock/src/main/java/com/whylock/whylock/service/PdfReportService.java:[420,46] cannot find symbol
  symbol:   class SslReport
  location: class com.whylock.whylock.service.PdfReportService
[ERROR] /C:/Users/shash/OneDrive/Desktop/whylock/src/main/java/com/whylock/whylock/service/PdfReportService.java:[450,57] cannot find symbol
  symbol:   class TechStackItem
  location: class com.whylock.whylock.service.PdfReportService
[ERROR] /C:/Users/shash/OneDrive/Desktop/whylock/src/main/java/com/whylock/whylock/service/PdfReportService.java:[479,53] cannot find symbol
  symbol:   class VulnerabilityDetail
  location: class com.whylock.whylock.service.PdfReportService
[ERROR] /C:/Users/shash/OneDrive/Desktop/whylock/src/main/java/com/whylock/whylock/service/Aifixassistantservice.java:[5,33] cannot find symbol
  symbol:   class VulnerabilityDetail
  location: package com.whylock.whylock.model
[ERROR] /C:/Users/shash/OneDrive/Desktop/whylock/src/main/java/com/whylock/whylock/service/Aifixassistantservice.java:[6,31] cannot find symbol
  symbol:   class FixRequest
  location: package com.whylock.whylock.dto
[ERROR] /C:/Users/shash/OneDrive/Desktop/whylock/src/main/java/com/whylock/whylock/service/Aifixassistantservice.java:[7,31] cannot find symbol
  symbol:   class FixResponse
  location: package com.whylock.whylock.dto
[ERROR] /C:/Users/shash/OneDrive/Desktop/whylock/src/main/java/com/whylock/whylock/service/Aifixassistantservice.java:[76,36] cannot find symbol
  symbol:   class FixRequest
  location: class com.whylock.whylock.service.AiFixAssistantService
[ERROR] /C:/Users/shash/OneDrive/Desktop/whylock/src/main/java/com/whylock/whylock/service/Aifixassistantservice.java:[76,12] cannot find symbol
  symbol:   class FixResponse
  location: class com.whylock.whylock.service.AiFixAssistantService
[ERROR] /C:/Users/shash/OneDrive/Desktop/whylock/src/main/java/com/whylock/whylock/service/Aifixassistantservice.java:[89,38] cannot find symbol
  symbol:   class VulnerabilityDetail
  location: class com.whylock.whylock.service.AiFixAssistantService
[ERROR] /C:/Users/shash/OneDrive/Desktop/whylock/src/main/java/com/whylock/whylock/service/Aifixassistantservice.java:[179,35] cannot find symbol
  symbol:   class FixRequest
  location: class com.whylock.whylock.service.AiFixAssistantService
[ERROR] /C:/Users/shash/OneDrive/Desktop/whylock/src/main/java/com/whylock/whylock/service/Aifixassistantservice.java:[249,58] cannot find symbol
  symbol:   class FixRequest
  location: class com.whylock.whylock.service.AiFixAssistantService
[ERROR] /C:/Users/shash/OneDrive/Desktop/whylock/src/main/java/com/whylock/whylock/service/Aifixassistantservice.java:[249,13] cannot find symbol
  symbol:   class FixResponse
  location: class com.whylock.whylock.service.AiFixAssistantService
[ERROR] /C:/Users/shash/OneDrive/Desktop/whylock/src/main/java/com/whylock/whylock/service/Monitoringservice.java:[4,33] cannot find symbol
  symbol:   class MonitorSubscription
  location: package com.whylock.whylock.model
[ERROR] /C:/Users/shash/OneDrive/Desktop/whylock/src/main/java/com/whylock/whylock/service/Monitoringservice.java:[5,38] cannot find symbol
  symbol:   class MonitorSubscriptionRepository
  location: package com.whylock.whylock.repository
[ERROR] /C:/Users/shash/OneDrive/Desktop/whylock/src/main/java/com/whylock/whylock/service/Monitoringservice.java:[6,29] package jakarta.mail.internet does not exist
[ERROR] /C:/Users/shash/OneDrive/Desktop/whylock/src/main/java/com/whylock/whylock/service/Monitoringservice.java:[49,19] cannot find symbol
  symbol:   class MonitorSubscriptionRepository
  location: class com.whylock.whylock.service.MonitoringService
[ERROR] /C:/Users/shash/OneDrive/Desktop/whylock/src/main/java/com/whylock/whylock/service/Monitoringservice.java:[50,19] cannot find symbol
  symbol:   class ScanOrchestrationService
  location: class com.whylock.whylock.service.MonitoringService
[ERROR] /C:/Users/shash/OneDrive/Desktop/whylock/src/main/java/com/whylock/whylock/service/Monitoringservice.java:[59,30] cannot find symbol
  symbol:   class MonitorSubscriptionRepository
  location: class com.whylock.whylock.service.MonitoringService
[ERROR] /C:/Users/shash/OneDrive/Desktop/whylock/src/main/java/com/whylock/whylock/service/Monitoringservice.java:[60,30] cannot find symbol
  symbol:   class ScanOrchestrationService
  location: class com.whylock.whylock.service.MonitoringService
[ERROR] /C:/Users/shash/OneDrive/Desktop/whylock/src/main/java/com/whylock/whylock/service/Monitoringservice.java:[70,12] cannot find symbol
  symbol:   class MonitorSubscription
  location: class com.whylock.whylock.service.MonitoringService
[ERROR] /C:/Users/shash/OneDrive/Desktop/whylock/src/main/java/com/whylock/whylock/service/Monitoringservice.java:[100,17] cannot find symbol
  symbol:   class MonitorSubscription
  location: class com.whylock.whylock.service.MonitoringService
[ERROR] /C:/Users/shash/OneDrive/Desktop/whylock/src/main/java/com/whylock/whylock/service/Monitoringservice.java:[130,46] cannot find symbol
  symbol:   class MonitorSubscription
  location: class com.whylock.whylock.service.MonitoringService
[ERROR] /C:/Users/shash/OneDrive/Desktop/whylock/src/main/java/com/whylock/whylock/service/Monitoringservice.java:[153,33] cannot find symbol
  symbol:   class MonitorSubscription
  location: class com.whylock.whylock.service.MonitoringService
[ERROR] /C:/Users/shash/OneDrive/Desktop/whylock/src/main/java/com/whylock/whylock/service/Monitoringservice.java:[177,35] cannot find symbol
  symbol:   class MonitorSubscription
  location: class com.whylock.whylock.service.MonitoringService
[ERROR] /C:/Users/shash/OneDrive/Desktop/whylock/src/main/java/com/whylock/whylock/service/Monitoringservice.java:[286,27] cannot find symbol
  symbol:   class MonitorSubscription
  location: class com.whylock.whylock.service.MonitoringService
[ERROR] /C:/Users/shash/OneDrive/Desktop/whylock/src/main/java/com/whylock/whylock/service/Sslanalysisservice.java:[3,33] cannot find symbol
  symbol:   class SslReport
  location: package com.whylock.whylock.model
[ERROR] /C:/Users/shash/OneDrive/Desktop/whylock/src/main/java/com/whylock/whylock/service/Sslanalysisservice.java:[43,12] cannot find symbol
  symbol:   class SslReport
  location: class com.whylock.whylock.service.SslAnalysisService
[ERROR] /C:/Users/shash/OneDrive/Desktop/whylock/src/main/java/com/whylock/whylock/service/Sslanalysisservice.java:[74,60] cannot find symbol
  symbol:   class SslReport
  location: class com.whylock.whylock.service.SslAnalysisService
[ERROR] /C:/Users/shash/OneDrive/Desktop/whylock/src/main/java/com/whylock/whylock/service/Sslanalysisservice.java:[131,46] cannot find symbol
  symbol:   class SslReport
  location: class com.whylock.whylock.service.SslAnalysisService
[ERROR] /C:/Users/shash/OneDrive/Desktop/whylock/src/main/java/com/whylock/whylock/service/Sslanalysisservice.java:[141,51] cannot find symbol
  symbol:   class SslReport
  location: class com.whylock.whylock.service.SslAnalysisService
[ERROR] /C:/Users/shash/OneDrive/Desktop/whylock/src/main/java/com/whylock/whylock/service/Sslanalysisservice.java:[191,33] cannot find symbol
  symbol:   class SslReport
  location: class com.whylock.whylock.service.SslAnalysisService
[ERROR] /C:/Users/shash/OneDrive/Desktop/whylock/src/main/java/com/whylock/whylock/service/Technologydetectionservice.java:[3,33] cannot find symbol
  symbol:   class TechStackItem
  location: package com.whylock.whylock.model
[ERROR] /C:/Users/shash/OneDrive/Desktop/whylock/src/main/java/com/whylock/whylock/service/Technologydetectionservice.java:[105,17] cannot find symbol
  symbol:   class TechStackItem
  location: class com.whylock.whylock.service.TechnologyDetectionService
[ERROR] /C:/Users/shash/OneDrive/Desktop/whylock/src/main/java/com/whylock/whylock/service/PdfReportService.java:[116,50] cannot find symbol
  symbol:   method getVulnerabilities()
  location: variable response of type com.whylock.whylock.model.AiScanResponse
[ERROR] /C:/Users/shash/OneDrive/Desktop/whylock/src/main/java/com/whylock/whylock/service/PdfReportService.java:[118,40] cannot find symbol
  symbol:   method getSslReport()
  location: variable response of type com.whylock.whylock.model.AiScanResponse
[ERROR] /C:/Users/shash/OneDrive/Desktop/whylock/src/main/java/com/whylock/whylock/service/PdfReportService.java:[119,46] cannot find symbol
  symbol:   method getTechStack()
  location: variable response of type com.whylock.whylock.model.AiScanResponse
[ERROR] /C:/Users/shash/OneDrive/Desktop/whylock/src/main/java/com/whylock/whylock/service/PdfReportService.java:[121,42] cannot find symbol
  symbol:   method getVulnerabilities()
  location: variable response of type com.whylock.whylock.model.AiScanResponse
[ERROR] /C:/Users/shash/OneDrive/Desktop/whylock/src/main/java/com/whylock/whylock/service/PdfReportService.java:[200,155] no suitable method found for format(java.time.format.DateTimeFormatter)
    method java.lang.String.format(java.lang.String,java.lang.Object...) is not applicable
      (argument mismatch; java.time.format.DateTimeFormatter cannot be converted to java.lang.String)
    method java.lang.String.format(java.util.Locale,java.lang.String,java.lang.Object...) is not applicable
      (argument mismatch; java.time.format.DateTimeFormatter cannot be converted to java.util.Locale)
[ERROR] /C:/Users/shash/OneDrive/Desktop/whylock/src/main/java/com/whylock/whylock/service/PdfReportService.java:[210,37] cannot find symbol
  symbol:   method getTotalVulnerabilities()
  location: variable resp of type com.whylock.whylock.model.AiScanResponse
[ERROR] /C:/Users/shash/OneDrive/Desktop/whylock/src/main/java/com/whylock/whylock/service/PdfReportService.java:[211,37] cannot find symbol
  symbol:   method getCriticalCount()
  location: variable resp of type com.whylock.whylock.model.AiScanResponse
[ERROR] /C:/Users/shash/OneDrive/Desktop/whylock/src/main/java/com/whylock/whylock/service/PdfReportService.java:[212,22] cannot find symbol
  symbol:   method getSslValid()
  location: variable resp of type com.whylock.whylock.model.AiScanResponse
[ERROR] /C:/Users/shash/OneDrive/Desktop/whylock/src/main/java/com/whylock/whylock/service/PdfReportService.java:[213,22] cannot find symbol
  symbol:   method getResponseTime()
  location: variable resp of type com.whylock.whylock.model.AiScanResponse
[ERROR] /C:/Users/shash/OneDrive/Desktop/whylock/src/main/java/com/whylock/whylock/service/PdfReportService.java:[234,67] cannot find symbol
  symbol:   method getReportId()
  location: variable resp of type com.whylock.whylock.model.AiScanResponse
[ERROR] /C:/Users/shash/OneDrive/Desktop/whylock/src/main/java/com/whylock/whylock/service/PdfReportService.java:[319,36] package com.google.zxing.qrcode does not exist
[ERROR] /C:/Users/shash/OneDrive/Desktop/whylock/src/main/java/com/whylock/whylock/service/PdfReportService.java:[319,88] package com.google.zxing.qrcode does not exist
[ERROR] /C:/Users/shash/OneDrive/Desktop/whylock/src/main/java/com/whylock/whylock/service/PdfReportService.java:[320,36] package com.google.zxing.common does not exist
[ERROR] /C:/Users/shash/OneDrive/Desktop/whylock/src/main/java/com/whylock/whylock/service/PdfReportService.java:[321,37] package com.google.zxing does not exist
[ERROR] /C:/Users/shash/OneDrive/Desktop/whylock/src/main/java/com/whylock/whylock/service/PdfReportService.java:[351,61] cannot find symbol
  symbol:   method getTotalVulnerabilities()
  location: variable resp of type com.whylock.whylock.model.AiScanResponse
[ERROR] /C:/Users/shash/OneDrive/Desktop/whylock/src/main/java/com/whylock/whylock/service/PdfReportService.java:[361,39] cannot find symbol
  symbol:   method getCriticalCount()
  location: variable resp of type com.whylock.whylock.model.AiScanResponse
[ERROR] /C:/Users/shash/OneDrive/Desktop/whylock/src/main/java/com/whylock/whylock/service/PdfReportService.java:[362,39] cannot find symbol
  symbol:   method getHighCount()
  location: variable resp of type com.whylock.whylock.model.AiScanResponse
[ERROR] /C:/Users/shash/OneDrive/Desktop/whylock/src/main/java/com/whylock/whylock/service/PdfReportService.java:[363,39] cannot find symbol
  symbol:   method getMediumCount()
  location: variable resp of type com.whylock.whylock.model.AiScanResponse
[ERROR] /C:/Users/shash/OneDrive/Desktop/whylock/src/main/java/com/whylock/whylock/service/PdfReportService.java:[364,39] cannot find symbol
  symbol:   method getLowCount()
  location: variable resp of type com.whylock.whylock.model.AiScanResponse
[ERROR] /C:/Users/shash/OneDrive/Desktop/whylock/src/main/java/com/whylock/whylock/service/PdfReportService.java:[376,14] cannot find symbol
  symbol:   class VulnerabilityDetail
  location: class com.whylock.whylock.service.PdfReportService
[ERROR] /C:/Users/shash/OneDrive/Desktop/whylock/src/main/java/com/whylock/whylock/service/PdfReportService.java:[464,14] cannot find symbol
  symbol:   class TechStackItem
  location: class com.whylock.whylock.service.PdfReportService
[ERROR] /C:/Users/shash/OneDrive/Desktop/whylock/src/main/java/com/whylock/whylock/service/PdfReportService.java:[489,14] cannot find symbol
  symbol:   class VulnerabilityDetail
  location: class com.whylock.whylock.service.PdfReportService
[ERROR] /C:/Users/shash/OneDrive/Desktop/whylock/src/main/java/com/whylock/whylock/service/Aifixassistantservice.java:[92,14] cannot find symbol
  symbol:   class VulnerabilityDetail
  location: class com.whylock.whylock.service.AiFixAssistantService
[ERROR] /C:/Users/shash/OneDrive/Desktop/whylock/src/main/java/com/whylock/whylock/service/Aifixassistantservice.java:[94,17] cannot find symbol
  symbol:   class FixRequest
  location: class com.whylock.whylock.service.AiFixAssistantService
[ERROR] /C:/Users/shash/OneDrive/Desktop/whylock/src/main/java/com/whylock/whylock/service/Aifixassistantservice.java:[94,38] cannot find symbol
  symbol:   class FixRequest
  location: class com.whylock.whylock.service.AiFixAssistantService
[ERROR] /C:/Users/shash/OneDrive/Desktop/whylock/src/main/java/com/whylock/whylock/service/Aifixassistantservice.java:[102,17] cannot find symbol
  symbol:   class FixResponse
  location: class com.whylock.whylock.service.AiFixAssistantService
[ERROR] /C:/Users/shash/OneDrive/Desktop/whylock/src/main/java/com/whylock/whylock/service/Aifixassistantservice.java:[250,9] cannot find symbol
  symbol:   class FixResponse
  location: class com.whylock.whylock.service.AiFixAssistantService
[ERROR] /C:/Users/shash/OneDrive/Desktop/whylock/src/main/java/com/whylock/whylock/service/Aifixassistantservice.java:[250,31] cannot find symbol
  symbol:   class FixResponse
  location: class com.whylock.whylock.service.AiFixAssistantService
[ERROR] /C:/Users/shash/OneDrive/Desktop/whylock/src/main/java/com/whylock/whylock/service/Monitoringservice.java:[71,18] cannot find symbol
  symbol:   class MonitorSubscription
  location: class com.whylock.whylock.service.MonitoringService
[ERROR] /C:/Users/shash/OneDrive/Desktop/whylock/src/main/java/com/whylock/whylock/service/Monitoringservice.java:[73,13] cannot find symbol
  symbol:   class MonitorSubscription
  location: class com.whylock.whylock.service.MonitoringService
[ERROR] /C:/Users/shash/OneDrive/Desktop/whylock/src/main/java/com/whylock/whylock/service/Monitoringservice.java:[79,9] cannot find symbol
  symbol:   class MonitorSubscription
  location: class com.whylock.whylock.service.MonitoringService
[ERROR] /C:/Users/shash/OneDrive/Desktop/whylock/src/main/java/com/whylock/whylock/service/Monitoringservice.java:[79,39] cannot find symbol
  symbol:   class MonitorSubscription
  location: class com.whylock.whylock.service.MonitoringService
[ERROR] /C:/Users/shash/OneDrive/Desktop/whylock/src/main/java/com/whylock/whylock/service/Monitoringservice.java:[116,14] cannot find symbol
  symbol:   class MonitorSubscription
  location: class com.whylock.whylock.service.MonitoringService
[ERROR] /C:/Users/shash/OneDrive/Desktop/whylock/src/main/java/com/whylock/whylock/service/Monitoringservice.java:[118,14] cannot find symbol
  symbol:   class MonitorSubscription
  location: class com.whylock.whylock.service.MonitoringService
[ERROR] /C:/Users/shash/OneDrive/Desktop/whylock/src/main/java/com/whylock/whylock/service/Monitoringservice.java:[138,37] cannot find symbol
  symbol:   method getCriticalCount()
  location: variable result of type com.whylock.whylock.model.AiScanResponse
[ERROR] /C:/Users/shash/OneDrive/Desktop/whylock/src/main/java/com/whylock/whylock/service/Monitoringservice.java:[146,40] cannot find symbol
  symbol:   method getCriticalCount()
  location: variable result of type com.whylock.whylock.model.AiScanResponse
[ERROR] /C:/Users/shash/OneDrive/Desktop/whylock/src/main/java/com/whylock/whylock/service/Monitoringservice.java:[156,13] cannot find symbol
  symbol:   class MimeMessage
  location: class com.whylock.whylock.service.MonitoringService
[ERROR] /C:/Users/shash/OneDrive/Desktop/whylock/src/main/java/com/whylock/whylock/service/Monitoringservice.java:[156,59] cannot access jakarta.mail.internet.MimeMessage
  class file for jakarta.mail.internet.MimeMessage not found
[ERROR] /C:/Users/shash/OneDrive/Desktop/whylock/src/main/java/com/whylock/whylock/service/Monitoringservice.java:[160,19] cannot access jakarta.mail.internet.InternetAddress
  class file for jakarta.mail.internet.InternetAddress not found
[ERROR] /C:/Users/shash/OneDrive/Desktop/whylock/src/main/java/com/whylock/whylock/service/Monitoringservice.java:[270,18] cannot find symbol
  symbol:   method getCriticalCount()
  location: variable r of type com.whylock.whylock.model.AiScanResponse
[ERROR] /C:/Users/shash/OneDrive/Desktop/whylock/src/main/java/com/whylock/whylock/service/Monitoringservice.java:[271,18] cannot find symbol
  symbol:   method getHighCount()
  location: variable r of type com.whylock.whylock.model.AiScanResponse
[ERROR] /C:/Users/shash/OneDrive/Desktop/whylock/src/main/java/com/whylock/whylock/service/Monitoringservice.java:[272,18] cannot find symbol
  symbol:   method getMediumCount()
  location: variable r of type com.whylock.whylock.model.AiScanResponse
[ERROR] /C:/Users/shash/OneDrive/Desktop/whylock/src/main/java/com/whylock/whylock/service/Monitoringservice.java:[273,18] cannot find symbol
  symbol:   method getLowCount()
  location: variable r of type com.whylock.whylock.model.AiScanResponse
[ERROR] /C:/Users/shash/OneDrive/Desktop/whylock/src/main/java/com/whylock/whylock/service/Monitoringservice.java:[274,18] cannot find symbol
  symbol:   method getSslReport()
  location: variable r of type com.whylock.whylock.model.AiScanResponse
[ERROR] /C:/Users/shash/OneDrive/Desktop/whylock/src/main/java/com/whylock/whylock/service/Monitoringservice.java:[274,45] cannot find symbol
  symbol:   method getSslReport()
  location: variable r of type com.whylock.whylock.model.AiScanResponse
[ERROR] /C:/Users/shash/OneDrive/Desktop/whylock/src/main/java/com/whylock/whylock/service/Monitoringservice.java:[275,18] cannot find symbol
  symbol:   method getScanDurationMs()
  location: variable r of type com.whylock.whylock.model.AiScanResponse
[ERROR] /C:/Users/shash/OneDrive/Desktop/whylock/src/main/java/com/whylock/whylock/service/Monitoringservice.java:[276,18] cannot find symbol
  symbol:   method getReportId()
  location: variable r of type com.whylock.whylock.model.AiScanResponse
[ERROR] /C:/Users/shash/OneDrive/Desktop/whylock/src/main/java/com/whylock/whylock/service/Sslanalysisservice.java:[44,9] cannot find symbol
  symbol:   class SslReport
  location: class com.whylock.whylock.service.SslAnalysisService
[ERROR] /C:/Users/shash/OneDrive/Desktop/whylock/src/main/java/com/whylock/whylock/service/Sslanalysisservice.java:[44,32] cannot find symbol
  symbol:   class SslReport
  location: class com.whylock.whylock.service.SslAnalysisService
[ERROR] /C:/Users/shash/OneDrive/Desktop/whylock/src/main/java/com/whylock/whylock/service/Technologydetectionservice.java:[106,14] cannot find symbol
  symbol:   class TechStackItem
  location: class com.whylock.whylock.service.TechnologyDetectionService
[ERROR] /C:/Users/shash/OneDrive/Desktop/whylock/src/main/java/com/whylock/whylock/service/Technologydetectionservice.java:[144,21] cannot find symbol
  symbol:   class TechStackItem
  location: class com.whylock.whylock.service.TechnologyDetectionService
[ERROR] /C:/Users/shash/OneDrive/Desktop/whylock/src/main/java/com/whylock/whylock/service/Technologydetectionservice.java:[144,46] cannot find symbol
  symbol:   class TechStackItem
  location: class com.whylock.whylock.service.TechnologyDetectionService
[ERROR] /C:/Users/shash/OneDrive/Desktop/whylock/src/main/java/com/whylock/whylock/service/Technologydetectionservice.java:[156,25] cannot find symbol
  symbol:   class TechStackItem
  location: class com.whylock.whylock.service.TechnologyDetectionService
[ERROR] /C:/Users/shash/OneDrive/Desktop/whylock/src/main/java/com/whylock/whylock/service/Technologydetectionservice.java:[157,18] cannot find symbol
  symbol:   class TechStackItem
  location: class com.whylock.whylock.service.TechnologyDetectionService
[ERROR] /C:/Users/shash/OneDrive/Desktop/whylock/src/main/java/com/whylock/whylock/service/Technologydetectionservice.java:[163,53] cannot find symbol
  symbol:   variable TechStackItem
  location: class com.whylock.whylock.service.TechnologyDetectionService
[INFO] 96 errors 
[INFO] -------------------------------------------------------------
[INFO] ------------------------------------------------------------------------
[INFO] BUILD FAILURE
[INFO] ------------------------------------------------------------------------
[INFO] Total time:  8.038 s
[INFO] Finished at: 2026-06-28T22:24:02+05:30
[INFO] ------------------------------------------------------------------------
[ERROR] Failed to execute goal org.apache.maven.plugins:maven-compiler-plugin:3.14.1:compile (default-compile) on project whylock: Compilation failure: Compilation failure: 
[ERROR] /C:/Users/shash/OneDrive/Desktop/whylock/src/main/java/com/whylock/whylock/service/Aifixassistantservice.java:[36,8] class AiFixAssistantService is public, should be declared in a file named AiFixAssistantService.java
[ERROR] /C:/Users/shash/OneDrive/Desktop/whylock/src/main/java/com/whylock/whylock/service/Monitoringservice.java:[45,8] class MonitoringService is public, should be declared in a file named MonitoringService.java
[ERROR] /C:/Users/shash/OneDrive/Desktop/whylock/src/main/java/com/whylock/whylock/service/Sslanalysisservice.java:[26,8] class SslAnalysisService is public, should be declared in a file named SslAnalysisService.java
[ERROR] /C:/Users/shash/OneDrive/Desktop/whylock/src/main/java/com/whylock/whylock/service/Technologydetectionservice.java:[33,8] class TechnologyDetectionService is public, should be declared in a file named TechnologyDetectionService.java
[ERROR] /C:/Users/shash/OneDrive/Desktop/whylock/src/main/java/com/whylock/whylock/service/PdfReportService.java:[7,33] cannot find symbol
[ERROR]   symbol:   class VulnerabilityDetail
[ERROR]   location: package com.whylock.whylock.model
[ERROR] /C:/Users/shash/OneDrive/Desktop/whylock/src/main/java/com/whylock/whylock/service/PdfReportService.java:[8,33] cannot find symbol
[ERROR]   symbol:   class SslReport
[ERROR]   location: package com.whylock.whylock.model
[ERROR] /C:/Users/shash/OneDrive/Desktop/whylock/src/main/java/com/whylock/whylock/service/PdfReportService.java:[9,33] cannot find symbol
[ERROR]   symbol:   class TechStackItem
[ERROR]   location: package com.whylock.whylock.model
[ERROR] /C:/Users/shash/OneDrive/Desktop/whylock/src/main/java/com/whylock/whylock/service/PdfReportService.java:[371,61] cannot find symbol
[ERROR]   symbol:   class VulnerabilityDetail
[ERROR]   location: class com.whylock.whylock.service.PdfReportService
[ERROR] /C:/Users/shash/OneDrive/Desktop/whylock/src/main/java/com/whylock/whylock/service/PdfReportService.java:[420,46] cannot find symbol
[ERROR]   symbol:   class SslReport
[ERROR]   location: class com.whylock.whylock.service.PdfReportService
[ERROR] /C:/Users/shash/OneDrive/Desktop/whylock/src/main/java/com/whylock/whylock/service/PdfReportService.java:[450,57] cannot find symbol
[ERROR]   symbol:   class TechStackItem
[ERROR]   location: class com.whylock.whylock.service.PdfReportService
[ERROR] /C:/Users/shash/OneDrive/Desktop/whylock/src/main/java/com/whylock/whylock/service/PdfReportService.java:[479,53] cannot find symbol
[ERROR]   symbol:   class VulnerabilityDetail
[ERROR]   location: class com.whylock.whylock.service.PdfReportService
[ERROR] /C:/Users/shash/OneDrive/Desktop/whylock/src/main/java/com/whylock/whylock/service/Aifixassistantservice.java:[5,33] cannot find symbol
[ERROR]   symbol:   class VulnerabilityDetail
[ERROR]   location: package com.whylock.whylock.model
[ERROR] /C:/Users/shash/OneDrive/Desktop/whylock/src/main/java/com/whylock/whylock/service/Aifixassistantservice.java:[6,31] cannot find symbol
[ERROR]   symbol:   class FixRequest
[ERROR]   location: package com.whylock.whylock.dto
[ERROR] /C:/Users/shash/OneDrive/Desktop/whylock/src/main/java/com/whylock/whylock/service/Aifixassistantservice.java:[7,31] cannot find symbol
[ERROR]   symbol:   class FixResponse
[ERROR]   location: package com.whylock.whylock.dto
[ERROR] /C:/Users/shash/OneDrive/Desktop/whylock/src/main/java/com/whylock/whylock/service/Aifixassistantservice.java:[76,36] cannot find symbol
[ERROR]   symbol:   class FixRequest
[ERROR]   location: class com.whylock.whylock.service.AiFixAssistantService
[ERROR] /C:/Users/shash/OneDrive/Desktop/whylock/src/main/java/com/whylock/whylock/service/Aifixassistantservice.java:[76,12] cannot find symbol
[ERROR]   symbol:   class FixResponse
[ERROR]   location: class com.whylock.whylock.service.AiFixAssistantService
[ERROR] /C:/Users/shash/OneDrive/Desktop/whylock/src/main/java/com/whylock/whylock/service/Aifixassistantservice.java:[89,38] cannot find symbol
[ERROR]   symbol:   class VulnerabilityDetail
[ERROR]   location: class com.whylock.whylock.service.AiFixAssistantService
[ERROR] /C:/Users/shash/OneDrive/Desktop/whylock/src/main/java/com/whylock/whylock/service/Aifixassistantservice.java:[179,35] cannot find symbol
[ERROR]   symbol:   class FixRequest
[ERROR]   location: class com.whylock.whylock.service.AiFixAssistantService
[ERROR] /C:/Users/shash/OneDrive/Desktop/whylock/src/main/java/com/whylock/whylock/service/Aifixassistantservice.java:[249,58] cannot find symbol
[ERROR]   symbol:   class FixRequest
[ERROR]   location: class com.whylock.whylock.service.AiFixAssistantService
[ERROR] /C:/Users/shash/OneDrive/Desktop/whylock/src/main/java/com/whylock/whylock/service/Aifixassistantservice.java:[249,13] cannot find symbol
[ERROR]   symbol:   class FixResponse
[ERROR]   location: class com.whylock.whylock.service.AiFixAssistantService
[ERROR] /C:/Users/shash/OneDrive/Desktop/whylock/src/main/java/com/whylock/whylock/service/Monitoringservice.java:[4,33] cannot find symbol
[ERROR]   symbol:   class MonitorSubscription
[ERROR]   location: package com.whylock.whylock.model
[ERROR] /C:/Users/shash/OneDrive/Desktop/whylock/src/main/java/com/whylock/whylock/service/Monitoringservice.java:[5,38] cannot find symbol
[ERROR]   symbol:   class MonitorSubscriptionRepository
[ERROR]   location: package com.whylock.whylock.repository
[ERROR] /C:/Users/shash/OneDrive/Desktop/whylock/src/main/java/com/whylock/whylock/service/Monitoringservice.java:[6,29] package jakarta.mail.internet does not exist
[ERROR] /C:/Users/shash/OneDrive/Desktop/whylock/src/main/java/com/whylock/whylock/service/Monitoringservice.java:[49,19] cannot find symbol
[ERROR]   symbol:   class MonitorSubscriptionRepository
[ERROR]   location: class com.whylock.whylock.service.MonitoringService
[ERROR] /C:/Users/shash/OneDrive/Desktop/whylock/src/main/java/com/whylock/whylock/service/Monitoringservice.java:[50,19] cannot find symbol
[ERROR]   symbol:   class ScanOrchestrationService
[ERROR]   location: class com.whylock.whylock.service.MonitoringService
[ERROR] /C:/Users/shash/OneDrive/Desktop/whylock/src/main/java/com/whylock/whylock/service/Monitoringservice.java:[59,30] cannot find symbol
[ERROR]   symbol:   class MonitorSubscriptionRepository
[ERROR]   location: class com.whylock.whylock.service.MonitoringService
[ERROR] /C:/Users/shash/OneDrive/Desktop/whylock/src/main/java/com/whylock/whylock/service/Monitoringservice.java:[60,30] cannot find symbol
[ERROR]   symbol:   class ScanOrchestrationService
[ERROR]   location: class com.whylock.whylock.service.MonitoringService
[ERROR] /C:/Users/shash/OneDrive/Desktop/whylock/src/main/java/com/whylock/whylock/service/Monitoringservice.java:[70,12] cannot find symbol
[ERROR]   symbol:   class MonitorSubscription
[ERROR]   location: class com.whylock.whylock.service.MonitoringService
[ERROR] /C:/Users/shash/OneDrive/Desktop/whylock/src/main/java/com/whylock/whylock/service/Monitoringservice.java:[100,17] cannot find symbol
[ERROR]   symbol:   class MonitorSubscription
[ERROR]   location: class com.whylock.whylock.service.MonitoringService
[ERROR] /C:/Users/shash/OneDrive/Desktop/whylock/src/main/java/com/whylock/whylock/service/Monitoringservice.java:[130,46] cannot find symbol
[ERROR]   symbol:   class MonitorSubscription
[ERROR]   location: class com.whylock.whylock.service.MonitoringService
[ERROR] /C:/Users/shash/OneDrive/Desktop/whylock/src/main/java/com/whylock/whylock/service/Monitoringservice.java:[153,33] cannot find symbol
[ERROR]   symbol:   class MonitorSubscription
[ERROR]   location: class com.whylock.whylock.service.MonitoringService
[ERROR] /C:/Users/shash/OneDrive/Desktop/whylock/src/main/java/com/whylock/whylock/service/Monitoringservice.java:[177,35] cannot find symbol
[ERROR]   symbol:   class MonitorSubscription
[ERROR]   location: class com.whylock.whylock.service.MonitoringService
[ERROR] /C:/Users/shash/OneDrive/Desktop/whylock/src/main/java/com/whylock/whylock/service/Monitoringservice.java:[286,27] cannot find symbol
[ERROR]   symbol:   class MonitorSubscription
[ERROR]   location: class com.whylock.whylock.service.MonitoringService
[ERROR] /C:/Users/shash/OneDrive/Desktop/whylock/src/main/java/com/whylock/whylock/service/Sslanalysisservice.java:[3,33] cannot find symbol
[ERROR]   symbol:   class SslReport
[ERROR]   location: package com.whylock.whylock.model
[ERROR] /C:/Users/shash/OneDrive/Desktop/whylock/src/main/java/com/whylock/whylock/service/Sslanalysisservice.java:[43,12] cannot find symbol
[ERROR]   symbol:   class SslReport
[ERROR]   location: class com.whylock.whylock.service.SslAnalysisService
[ERROR] /C:/Users/shash/OneDrive/Desktop/whylock/src/main/java/com/whylock/whylock/service/Sslanalysisservice.java:[74,60] cannot find symbol
[ERROR]   symbol:   class SslReport
[ERROR]   location: class com.whylock.whylock.service.SslAnalysisService
[ERROR] /C:/Users/shash/OneDrive/Desktop/whylock/src/main/java/com/whylock/whylock/service/Sslanalysisservice.java:[131,46] cannot find symbol
[ERROR]   symbol:   class SslReport
[ERROR]   location: class com.whylock.whylock.service.SslAnalysisService
[ERROR] /C:/Users/shash/OneDrive/Desktop/whylock/src/main/java/com/whylock/whylock/service/Sslanalysisservice.java:[141,51] cannot find symbol
[ERROR]   symbol:   class SslReport
[ERROR]   location: class com.whylock.whylock.service.SslAnalysisService
[ERROR] /C:/Users/shash/OneDrive/Desktop/whylock/src/main/java/com/whylock/whylock/service/Sslanalysisservice.java:[191,33] cannot find symbol
[ERROR]   symbol:   class SslReport
[ERROR]   location: class com.whylock.whylock.service.SslAnalysisService
[ERROR] /C:/Users/shash/OneDrive/Desktop/whylock/src/main/java/com/whylock/whylock/service/Technologydetectionservice.java:[3,33] cannot find symbol
[ERROR]   symbol:   class TechStackItem
[ERROR]   location: package com.whylock.whylock.model
[ERROR] /C:/Users/shash/OneDrive/Desktop/whylock/src/main/java/com/whylock/whylock/service/Technologydetectionservice.java:[105,17] cannot find symbol
[ERROR]   symbol:   class TechStackItem
[ERROR]   location: class com.whylock.whylock.service.TechnologyDetectionService
[ERROR] /C:/Users/shash/OneDrive/Desktop/whylock/src/main/java/com/whylock/whylock/service/PdfReportService.java:[116,50] cannot find symbol
[ERROR]   symbol:   method getVulnerabilities()
[ERROR]   location: variable response of type com.whylock.whylock.model.AiScanResponse
[ERROR] /C:/Users/shash/OneDrive/Desktop/whylock/src/main/java/com/whylock/whylock/service/PdfReportService.java:[118,40] cannot find symbol
[ERROR]   symbol:   method getSslReport()
[ERROR]   location: variable response of type com.whylock.whylock.model.AiScanResponse
[ERROR] /C:/Users/shash/OneDrive/Desktop/whylock/src/main/java/com/whylock/whylock/service/PdfReportService.java:[119,46] cannot find symbol
[ERROR]   symbol:   method getTechStack()
[ERROR]   location: variable response of type com.whylock.whylock.model.AiScanResponse
[ERROR] /C:/Users/shash/OneDrive/Desktop/whylock/src/main/java/com/whylock/whylock/service/PdfReportService.java:[121,42] cannot find symbol
[ERROR]   symbol:   method getVulnerabilities()
[ERROR]   location: variable response of type com.whylock.whylock.model.AiScanResponse
[ERROR] /C:/Users/shash/OneDrive/Desktop/whylock/src/main/java/com/whylock/whylock/service/PdfReportService.java:[200,155] no suitable method found for format(java.time.format.DateTimeFormatter)
[ERROR]     method java.lang.String.format(java.lang.String,java.lang.Object...) is not applicable
[ERROR]       (argument mismatch; java.time.format.DateTimeFormatter cannot be converted to java.lang.String)
[ERROR]     method java.lang.String.format(java.util.Locale,java.lang.String,java.lang.Object...) is not applicable
[ERROR]       (argument mismatch; java.time.format.DateTimeFormatter cannot be converted to java.util.Locale)
[ERROR] /C:/Users/shash/OneDrive/Desktop/whylock/src/main/java/com/whylock/whylock/service/PdfReportService.java:[210,37] cannot find symbol
[ERROR]   symbol:   method getTotalVulnerabilities()
[ERROR]   location: variable resp of type com.whylock.whylock.model.AiScanResponse
[ERROR] /C:/Users/shash/OneDrive/Desktop/whylock/src/main/java/com/whylock/whylock/service/PdfReportService.java:[211,37] cannot find symbol
[ERROR]   symbol:   method getCriticalCount()
[ERROR]   location: variable resp of type com.whylock.whylock.model.AiScanResponse
[ERROR] /C:/Users/shash/OneDrive/Desktop/whylock/src/main/java/com/whylock/whylock/service/PdfReportService.java:[212,22] cannot find symbol
[ERROR]   symbol:   method getSslValid()
[ERROR]   location: variable resp of type com.whylock.whylock.model.AiScanResponse
[ERROR] /C:/Users/shash/OneDrive/Desktop/whylock/src/main/java/com/whylock/whylock/service/PdfReportService.java:[213,22] cannot find symbol
[ERROR]   symbol:   method getResponseTime()
[ERROR]   location: variable resp of type com.whylock.whylock.model.AiScanResponse
[ERROR] /C:/Users/shash/OneDrive/Desktop/whylock/src/main/java/com/whylock/whylock/service/PdfReportService.java:[234,67] cannot find symbol
[ERROR]   symbol:   method getReportId()
[ERROR]   location: variable resp of type com.whylock.whylock.model.AiScanResponse
[ERROR] /C:/Users/shash/OneDrive/Desktop/whylock/src/main/java/com/whylock/whylock/service/PdfReportService.java:[319,36] package com.google.zxing.qrcode does not exist
[ERROR] /C:/Users/shash/OneDrive/Desktop/whylock/src/main/java/com/whylock/whylock/service/PdfReportService.java:[319,88] package com.google.zxing.qrcode does not exist
[ERROR] /C:/Users/shash/OneDrive/Desktop/whylock/src/main/java/com/whylock/whylock/service/PdfReportService.java:[320,36] package com.google.zxing.common does not exist
[ERROR] /C:/Users/shash/OneDrive/Desktop/whylock/src/main/java/com/whylock/whylock/service/PdfReportService.java:[321,37] package com.google.zxing does not exist
[ERROR] /C:/Users/shash/OneDrive/Desktop/whylock/src/main/java/com/whylock/whylock/service/PdfReportService.java:[351,61] cannot find symbol
[ERROR]   symbol:   method getTotalVulnerabilities()
[ERROR]   location: variable resp of type com.whylock.whylock.model.AiScanResponse
[ERROR] /C:/Users/shash/OneDrive/Desktop/whylock/src/main/java/com/whylock/whylock/service/PdfReportService.java:[361,39] cannot find symbol
[ERROR]   symbol:   method getCriticalCount()
[ERROR]   location: variable resp of type com.whylock.whylock.model.AiScanResponse
[ERROR] /C:/Users/shash/OneDrive/Desktop/whylock/src/main/java/com/whylock/whylock/service/PdfReportService.java:[362,39] cannot find symbol
[ERROR]   symbol:   method getHighCount()
[ERROR]   location: variable resp of type com.whylock.whylock.model.AiScanResponse
[ERROR] /C:/Users/shash/OneDrive/Desktop/whylock/src/main/java/com/whylock/whylock/service/PdfReportService.java:[363,39] cannot find symbol
[ERROR]   symbol:   method getMediumCount()
[ERROR]   location: variable resp of type com.whylock.whylock.model.AiScanResponse
[ERROR] /C:/Users/shash/OneDrive/Desktop/whylock/src/main/java/com/whylock/whylock/service/PdfReportService.java:[364,39] cannot find symbol
[ERROR]   symbol:   method getLowCount()
[ERROR]   location: variable resp of type com.whylock.whylock.model.AiScanResponse
[ERROR] /C:/Users/shash/OneDrive/Desktop/whylock/src/main/java/com/whylock/whylock/service/PdfReportService.java:[376,14] cannot find symbol
[ERROR]   symbol:   class VulnerabilityDetail
[ERROR]   location: class com.whylock.whylock.service.PdfReportService
[ERROR] /C:/Users/shash/OneDrive/Desktop/whylock/src/main/java/com/whylock/whylock/service/PdfReportService.java:[464,14] cannot find symbol
[ERROR]   symbol:   class TechStackItem
[ERROR]   location: class com.whylock.whylock.service.PdfReportService
[ERROR] /C:/Users/shash/OneDrive/Desktop/whylock/src/main/java/com/whylock/whylock/service/PdfReportService.java:[489,14] cannot find symbol
[ERROR]   symbol:   class VulnerabilityDetail
[ERROR]   location: class com.whylock.whylock.service.PdfReportService
[ERROR] /C:/Users/shash/OneDrive/Desktop/whylock/src/main/java/com/whylock/whylock/service/Aifixassistantservice.java:[92,14] cannot find symbol
[ERROR]   symbol:   class VulnerabilityDetail
[ERROR]   location: class com.whylock.whylock.service.AiFixAssistantService
[ERROR] /C:/Users/shash/OneDrive/Desktop/whylock/src/main/java/com/whylock/whylock/service/Aifixassistantservice.java:[94,17] cannot find symbol
[ERROR]   symbol:   class FixRequest
[ERROR]   location: class com.whylock.whylock.service.AiFixAssistantService
[ERROR] /C:/Users/shash/OneDrive/Desktop/whylock/src/main/java/com/whylock/whylock/service/Aifixassistantservice.java:[94,38] cannot find symbol
[ERROR]   symbol:   class FixRequest
[ERROR]   location: class com.whylock.whylock.service.AiFixAssistantService
[ERROR] /C:/Users/shash/OneDrive/Desktop/whylock/src/main/java/com/whylock/whylock/service/Aifixassistantservice.java:[102,17] cannot find symbol
[ERROR]   symbol:   class FixResponse
[ERROR]   location: class com.whylock.whylock.service.AiFixAssistantService
[ERROR] /C:/Users/shash/OneDrive/Desktop/whylock/src/main/java/com/whylock/whylock/service/Aifixassistantservice.java:[250,9] cannot find symbol
[ERROR]   symbol:   class FixResponse
[ERROR]   location: class com.whylock.whylock.service.AiFixAssistantService
[ERROR] /C:/Users/shash/OneDrive/Desktop/whylock/src/main/java/com/whylock/whylock/service/Aifixassistantservice.java:[250,31] cannot find symbol
[ERROR]   symbol:   class FixResponse
[ERROR]   location: class com.whylock.whylock.service.AiFixAssistantService
[ERROR] /C:/Users/shash/OneDrive/Desktop/whylock/src/main/java/com/whylock/whylock/service/Monitoringservice.java:[71,18] cannot find symbol
[ERROR]   symbol:   class MonitorSubscription
[ERROR]   location: class com.whylock.whylock.service.MonitoringService
[ERROR] /C:/Users/shash/OneDrive/Desktop/whylock/src/main/java/com/whylock/whylock/service/Monitoringservice.java:[73,13] cannot find symbol
[ERROR]   symbol:   class MonitorSubscription
[ERROR]   location: class com.whylock.whylock.service.MonitoringService
[ERROR] /C:/Users/shash/OneDrive/Desktop/whylock/src/main/java/com/whylock/whylock/service/Monitoringservice.java:[79,9] cannot find symbol
[ERROR]   symbol:   class MonitorSubscription
[ERROR]   location: class com.whylock.whylock.service.MonitoringService
[ERROR] /C:/Users/shash/OneDrive/Desktop/whylock/src/main/java/com/whylock/whylock/service/Monitoringservice.java:[79,39] cannot find symbol
[ERROR]   symbol:   class MonitorSubscription
[ERROR]   location: class com.whylock.whylock.service.MonitoringService
[ERROR] /C:/Users/shash/OneDrive/Desktop/whylock/src/main/java/com/whylock/whylock/service/Monitoringservice.java:[116,14] cannot find symbol
[ERROR]   symbol:   class MonitorSubscription
[ERROR]   location: class com.whylock.whylock.service.MonitoringService
[ERROR] /C:/Users/shash/OneDrive/Desktop/whylock/src/main/java/com/whylock/whylock/service/Monitoringservice.java:[118,14] cannot find symbol
[ERROR]   symbol:   class MonitorSubscription
[ERROR]   location: class com.whylock.whylock.service.MonitoringService
[ERROR] /C:/Users/shash/OneDrive/Desktop/whylock/src/main/java/com/whylock/whylock/service/Monitoringservice.java:[138,37] cannot find symbol
[ERROR]   symbol:   method getCriticalCount()
[ERROR]   location: variable result of type com.whylock.whylock.model.AiScanResponse
[ERROR] /C:/Users/shash/OneDrive/Desktop/whylock/src/main/java/com/whylock/whylock/service/Monitoringservice.java:[146,40] cannot find symbol
[ERROR]   symbol:   method getCriticalCount()
[ERROR]   location: variable result of type com.whylock.whylock.model.AiScanResponse
[ERROR] /C:/Users/shash/OneDrive/Desktop/whylock/src/main/java/com/whylock/whylock/service/Monitoringservice.java:[156,13] cannot find symbol
[ERROR]   symbol:   class MimeMessage
[ERROR]   location: class com.whylock.whylock.service.MonitoringService
[ERROR] /C:/Users/shash/OneDrive/Desktop/whylock/src/main/java/com/whylock/whylock/service/Monitoringservice.java:[156,59] cannot access jakarta.mail.internet.MimeMessage
[ERROR]   class file for jakarta.mail.internet.MimeMessage not found
[ERROR] /C:/Users/shash/OneDrive/Desktop/whylock/src/main/java/com/whylock/whylock/service/Monitoringservice.java:[160,19] cannot access jakarta.mail.internet.InternetAddress
[ERROR]   class file for jakarta.mail.internet.InternetAddress not found
[ERROR] /C:/Users/shash/OneDrive/Desktop/whylock/src/main/java/com/whylock/whylock/service/Monitoringservice.java:[270,18] cannot find symbol
[ERROR]   symbol:   method getCriticalCount()
[ERROR]   location: variable r of type com.whylock.whylock.model.AiScanResponse
[ERROR] /C:/Users/shash/OneDrive/Desktop/whylock/src/main/java/com/whylock/whylock/service/Monitoringservice.java:[271,18] cannot find symbol
[ERROR]   symbol:   method getHighCount()
[ERROR]   location: variable r of type com.whylock.whylock.model.AiScanResponse
[ERROR] /C:/Users/shash/OneDrive/Desktop/whylock/src/main/java/com/whylock/whylock/service/Monitoringservice.java:[272,18] cannot find symbol
[ERROR]   symbol:   method getMediumCount()
[ERROR]   location: variable r of type com.whylock.whylock.model.AiScanResponse
[ERROR] /C:/Users/shash/OneDrive/Desktop/whylock/src/main/java/com/whylock/whylock/service/Monitoringservice.java:[273,18] cannot find symbol
[ERROR]   symbol:   method getLowCount()
[ERROR]   location: variable r of type com.whylock.whylock.model.AiScanResponse
[ERROR] /C:/Users/shash/OneDrive/Desktop/whylock/src/main/java/com/whylock/whylock/service/Monitoringservice.java:[274,18] cannot find symbol
[ERROR]   symbol:   method getSslReport()
[ERROR]   location: variable r of type com.whylock.whylock.model.AiScanResponse
[ERROR] /C:/Users/shash/OneDrive/Desktop/whylock/src/main/java/com/whylock/whylock/service/Monitoringservice.java:[274,45] cannot find symbol
[ERROR]   symbol:   method getSslReport()
[ERROR]   location: variable r of type com.whylock.whylock.model.AiScanResponse
[ERROR] /C:/Users/shash/OneDrive/Desktop/whylock/src/main/java/com/whylock/whylock/service/Monitoringservice.java:[275,18] cannot find symbol
[ERROR]   symbol:   method getScanDurationMs()
[ERROR]   location: variable r of type com.whylock.whylock.model.AiScanResponse
[ERROR] /C:/Users/shash/OneDrive/Desktop/whylock/src/main/java/com/whylock/whylock/service/Monitoringservice.java:[276,18] cannot find symbol
[ERROR]   symbol:   method getReportId()
[ERROR]   location: variable r of type com.whylock.whylock.model.AiScanResponse
[ERROR] /C:/Users/shash/OneDrive/Desktop/whylock/src/main/java/com/whylock/whylock/service/Sslanalysisservice.java:[44,9] cannot find symbol
[ERROR]   symbol:   class SslReport
[ERROR]   location: class com.whylock.whylock.service.SslAnalysisService
[ERROR] /C:/Users/shash/OneDrive/Desktop/whylock/src/main/java/com/whylock/whylock/service/Sslanalysisservice.java:[44,32] cannot find symbol
[ERROR]   symbol:   class SslReport
[ERROR]   location: class com.whylock.whylock.service.SslAnalysisService
[ERROR] /C:/Users/shash/OneDrive/Desktop/whylock/src/main/java/com/whylock/whylock/service/Technologydetectionservice.java:[106,14] cannot find symbol
[ERROR]   symbol:   class TechStackItem
[ERROR]   location: class com.whylock.whylock.service.TechnologyDetectionService
[ERROR] /C:/Users/shash/OneDrive/Desktop/whylock/src/main/java/com/whylock/whylock/service/Technologydetectionservice.java:[144,21] cannot find symbol
[ERROR]   symbol:   class TechStackItem
[ERROR]   location: class com.whylock.whylock.service.TechnologyDetectionService
[ERROR] /C:/Users/shash/OneDrive/Desktop/whylock/src/main/java/com/whylock/whylock/service/Technologydetectionservice.java:[144,46] cannot find symbol
[ERROR]   symbol:   class TechStackItem
[ERROR]   location: class com.whylock.whylock.service.TechnologyDetectionService
[ERROR] /C:/Users/shash/OneDrive/Desktop/whylock/src/main/java/com/whylock/whylock/service/Technologydetectionservice.java:[156,25] cannot find symbol
[ERROR]   symbol:   class TechStackItem
[ERROR]   location: class com.whylock.whylock.service.TechnologyDetectionService
[ERROR] /C:/Users/shash/OneDrive/Desktop/whylock/src/main/java/com/whylock/whylock/service/Technologydetectionservice.java:[157,18] cannot find symbol
[ERROR]   symbol:   class TechStackItem
[ERROR]   location: class com.whylock.whylock.service.TechnologyDetectionService
[ERROR] /C:/Users/shash/OneDrive/Desktop/whylock/src/main/java/com/whylock/whylock/service/Technologydetectionservice.java:[163,53] cannot find symbol
[ERROR]   symbol:   variable TechStackItem
[ERROR]   location: class com.whylock.whylock.service.TechnologyDetectionService
[ERROR] -> [Help 1]
[ERROR] 
[ERROR] To see the full stack trace of the errors, re-run Maven with the -e switch.
[ERROR] Re-run Maven using the -X switch to enable full debug logging.
[ERROR] 
[ERROR] For more information about the errors and possible solutions, please read the following articles:
[ERROR] [Help 1] http://cwiki.apache.org/confluence/display/MAVEN/MojoFailureException
